error10.cmml:16:0: Multiple head tags not allowed
