error13.cmml:7:0: Skipped doubly defined tag or tag with missing required attribute
