error15.cmml:26:0: Skipped clip out of temporal order
