error8.cmml:34:0: head tag after clip tag not allowed
