error3.cmml:24:0: Expat error parsing CMML filenot well-formed (invalid token)
