error7.cmml:23:0: head or clip tag before stream tag not allowed
