error11.cmml:6:0: Skipped implied attribute of wrong format
