error9.cmml:10:0: Multiple stream tags not allowed
