error14.cmml:4:0: Skipped xmlns in cmml tag wrongly redefined
